src/server.ts(651,26): error TS1127: Invalid character.
src/server.ts(651,27): error TS1134: Variable declaration expected.
src/server.ts(701,17): error TS1005: ';' expected.
src/server.ts(701,20): error TS1109: Expression expected.
src/server.ts(701,27): error TS1005: ';' expected.
src/server.ts(701,30): error TS1109: Expression expected.
src/server.ts(701,37): error TS1005: ';' expected.
src/server.ts(701,40): error TS1109: Expression expected.
src/server.ts(701,47): error TS1005: ';' expected.
src/server.ts(701,50): error TS1109: Expression expected.
src/server.ts(701,57): error TS1005: ';' expected.
src/server.ts(701,60): error TS1109: Expression expected.
src/server.ts(779,13): error TS1434: Unexpected keyword or identifier.
src/server.ts(782,13): error TS1435: Unknown keyword or identifier. Did you mean 'from'?
src/server.ts(782,18): error TS1434: Unexpected keyword or identifier.
src/server.ts(783,13): error TS1435: Unknown keyword or identifier. Did you mean 'let'?
src/server.ts(783,18): error TS1434: Unexpected keyword or identifier.
src/server.ts(783,23): error TS1434: Unexpected keyword or identifier.
src/server.ts(783,29): error TS1434: Unexpected keyword or identifier.
src/server.ts(783,31): error TS1434: Unexpected keyword or identifier.
src/server.ts(784,13): error TS1435: Unknown keyword or identifier. Did you mean 'let'?
src/server.ts(784,18): error TS1434: Unexpected keyword or identifier.
src/server.ts(784,23): error TS1434: Unexpected keyword or identifier.
src/server.ts(784,35): error TS1434: Unexpected keyword or identifier.
src/server.ts(784,37): error TS1434: Unexpected keyword or identifier.
src/server.ts(785,13): error TS1434: Unexpected keyword or identifier.
src/server.ts(785,31): error TS1109: Expression expected.
src/server.ts(786,19): error TS1005: ':' expected.
src/server.ts(786,35): error TS1005: ';' expected.
src/server.ts(792,17): error TS1434: Unexpected keyword or identifier.
src/server.ts(794,17): error TS1435: Unknown keyword or identifier. Did you mean 'from'?
src/server.ts(794,22): error TS1434: Unexpected keyword or identifier.
src/server.ts(795,17): error TS1435: Unknown keyword or identifier. Did you mean 'let'?
src/server.ts(795,22): error TS1434: Unexpected keyword or identifier.
src/server.ts(795,27): error TS1434: Unexpected keyword or identifier.
src/server.ts(795,33): error TS1434: Unexpected keyword or identifier.
src/server.ts(795,35): error TS1434: Unexpected keyword or identifier.
src/server.ts(796,17): error TS1435: Unknown keyword or identifier. Did you mean 'let'?
src/server.ts(796,22): error TS1434: Unexpected keyword or identifier.
src/server.ts(796,27): error TS1434: Unexpected keyword or identifier.
src/server.ts(796,39): error TS1434: Unexpected keyword or identifier.
src/server.ts(796,41): error TS1434: Unexpected keyword or identifier.
src/server.ts(797,17): error TS1434: Unexpected keyword or identifier.
src/server.ts(797,39): error TS1109: Expression expected.
src/server.ts(832,13): error TS1005: ':' expected.
src/server.ts(833,13): error TS1435: Unknown keyword or identifier. Did you mean 'from'?
src/server.ts(833,18): error TS1434: Unexpected keyword or identifier.
src/server.ts(834,13): error TS1434: Unexpected keyword or identifier.
src/server.ts(834,18): error TS1434: Unexpected keyword or identifier.
src/server.ts(834,27): error TS1434: Unexpected keyword or identifier.
src/server.ts(834,29): error TS1434: Unexpected keyword or identifier.
src/server.ts(835,13): error TS1434: Unexpected keyword or identifier.
src/server.ts(835,39): error TS1109: Expression expected.
src/server.ts(835,60): error TS1109: Expression expected.
src/server.ts(835,65): error TS1005: ':' expected.
src/server.ts(835,76): error TS1005: ',' expected.
src/server.ts(835,79): error TS1005: ',' expected.
src/server.ts(840,13): error TS1005: ':' expected.
src/server.ts(841,13): error TS1435: Unknown keyword or identifier. Did you mean 'from'?
src/server.ts(841,18): error TS1434: Unexpected keyword or identifier.
src/server.ts(842,13): error TS1434: Unexpected keyword or identifier.
src/server.ts(842,18): error TS1434: Unexpected keyword or identifier.
src/server.ts(842,27): error TS1434: Unexpected keyword or identifier.
src/server.ts(842,29): error TS1434: Unexpected keyword or identifier.
src/server.ts(843,41): error TS1109: Expression expected.
src/server.ts(843,46): error TS1005: ':' expected.
src/server.ts(843,64): error TS1005: ',' expected.
src/server.ts(843,67): error TS1005: ',' expected.
src/server.ts(843,73): error TS1005: ';' expected.
src/server.ts(843,90): error TS1109: Expression expected.
src/server.ts(848,13): error TS1005: ':' expected.
src/server.ts(848,35): error TS1005: ',' expected.
src/server.ts(849,13): error TS1435: Unknown keyword or identifier. Did you mean 'from'?
src/server.ts(849,18): error TS1434: Unexpected keyword or identifier.
src/server.ts(850,13): error TS1434: Unexpected keyword or identifier.
src/server.ts(850,18): error TS1434: Unexpected keyword or identifier.
src/server.ts(850,35): error TS1434: Unexpected keyword or identifier.
src/server.ts(850,38): error TS1434: Unexpected keyword or identifier.
src/server.ts(851,35): error TS1109: Expression expected.
src/server.ts(851,40): error TS1005: ':' expected.
src/server.ts(851,53): error TS1109: Expression expected.
src/server.ts(851,54): error TS1109: Expression expected.
src/server.ts(851,56): error TS1005: ';' expected.
src/server.ts(851,74): error TS1005: ';' expected.
src/server.ts(856,13): error TS1434: Unexpected keyword or identifier.
src/server.ts(856,20): error TS1434: Unexpected keyword or identifier.
src/server.ts(856,31): error TS1003: Identifier expected.
src/server.ts(856,32): error TS1109: Expression expected.
src/server.ts(858,22): error TS1434: Unexpected keyword or identifier.
src/server.ts(858,47): error TS1109: Expression expected.
src/server.ts(858,54): error TS1005: ':' expected.
src/server.ts(859,22): error TS1435: Unknown keyword or identifier. Did you mean 'else'?
src/server.ts(861,13): error TS1435: Unknown keyword or identifier. Did you mean 'from'?
src/server.ts(861,18): error TS1434: Unexpected keyword or identifier.
src/server.ts(862,13): error TS1434: Unexpected keyword or identifier.
src/server.ts(862,18): error TS1434: Unexpected keyword or identifier.
src/server.ts(862,24): error TS1434: Unexpected keyword or identifier.
src/server.ts(862,26): error TS1434: Unexpected keyword or identifier.
src/server.ts(863,13): error TS1435: Unknown keyword or identifier. Did you mean 'let'?
src/server.ts(863,18): error TS1434: Unexpected keyword or identifier.
src/server.ts(863,23): error TS1434: Unexpected keyword or identifier.
src/server.ts(863,38): error TS1434: Unexpected keyword or identifier.
src/server.ts(863,41): error TS1434: Unexpected keyword or identifier.
src/server.ts(864,13): error TS1434: Unexpected keyword or identifier.
src/server.ts(864,39): error TS1109: Expression expected.
src/server.ts(864,44): error TS1005: ':' expected.
src/server.ts(864,57): error TS1109: Expression expected.
src/server.ts(865,19): error TS1005: ':' expected.
src/server.ts(865,35): error TS1005: ';' expected.
src/server.ts(866,13): error TS1434: Unexpected keyword or identifier.
src/server.ts(867,9): error TS1443: Module declaration names may only use ' or " quoted strings.
src/server.ts(878,26): error TS1127: Invalid character.
src/server.ts(878,26): error TS1128: Declaration or statement expected.
src/server.ts(878,27): error TS1434: Unexpected keyword or identifier.
src/server.ts(897,13): error TS1434: Unexpected keyword or identifier.
src/server.ts(897,20): error TS1434: Unexpected keyword or identifier.
src/server.ts(897,31): error TS1003: Identifier expected.
src/server.ts(897,32): error TS1109: Expression expected.
src/server.ts(899,22): error TS1434: Unexpected keyword or identifier.
src/server.ts(899,47): error TS1109: Expression expected.
src/server.ts(899,54): error TS1005: ':' expected.
src/server.ts(900,22): error TS1435: Unknown keyword or identifier. Did you mean 'else'?
src/server.ts(902,13): error TS1435: Unknown keyword or identifier. Did you mean 'from'?
src/server.ts(902,18): error TS1434: Unexpected keyword or identifier.
src/server.ts(903,13): error TS1434: Unexpected keyword or identifier.
src/server.ts(903,18): error TS1434: Unexpected keyword or identifier.
src/server.ts(903,24): error TS1434: Unexpected keyword or identifier.
src/server.ts(903,26): error TS1434: Unexpected keyword or identifier.
src/server.ts(904,13): error TS1435: Unknown keyword or identifier. Did you mean 'let'?
src/server.ts(904,18): error TS1434: Unexpected keyword or identifier.
src/server.ts(904,23): error TS1434: Unexpected keyword or identifier.
src/server.ts(904,38): error TS1434: Unexpected keyword or identifier.
src/server.ts(904,41): error TS1434: Unexpected keyword or identifier.
src/server.ts(905,13): error TS1434: Unexpected keyword or identifier.
src/server.ts(905,39): error TS1109: Expression expected.
src/server.ts(905,44): error TS1005: ':' expected.
src/server.ts(905,57): error TS1109: Expression expected.
src/server.ts(906,19): error TS1005: ':' expected.
src/server.ts(906,35): error TS1005: ';' expected.
src/server.ts(907,9): error TS1443: Module declaration names may only use ' or " quoted strings.
src/server.ts(913,26): error TS1127: Invalid character.
src/server.ts(913,26): error TS1128: Declaration or statement expected.
src/server.ts(913,27): error TS1434: Unexpected keyword or identifier.
src/server.ts(933,13): error TS1434: Unexpected keyword or identifier.
src/server.ts(933,20): error TS1434: Unexpected keyword or identifier.
src/server.ts(933,31): error TS1003: Identifier expected.
src/server.ts(934,18): error TS1005: ';' expected.
src/server.ts(935,13): error TS1434: Unexpected keyword or identifier.
src/server.ts(935,18): error TS1434: Unexpected keyword or identifier.
src/server.ts(935,35): error TS1434: Unexpected keyword or identifier.
src/server.ts(935,38): error TS1434: Unexpected keyword or identifier.
src/server.ts(936,13): error TS1434: Unexpected keyword or identifier.
src/server.ts(936,34): error TS1109: Expression expected.
src/server.ts(936,39): error TS1005: ':' expected.
src/server.ts(936,52): error TS1109: Expression expected.
src/server.ts(937,19): error TS1005: ':' expected.
src/server.ts(937,35): error TS1005: ';' expected.
src/server.ts(950,17): error TS1434: Unexpected keyword or identifier.
src/server.ts(951,17): error TS1435: Unknown keyword or identifier. Did you mean 'from'?
src/server.ts(951,22): error TS1434: Unexpected keyword or identifier.
src/server.ts(952,17): error TS1434: Unexpected keyword or identifier.
src/server.ts(952,22): error TS1434: Unexpected keyword or identifier.
src/server.ts(952,31): error TS1434: Unexpected keyword or identifier.
src/server.ts(952,33): error TS1434: Unexpected keyword or identifier.
src/server.ts(953,17): error TS1434: Unexpected keyword or identifier.
src/server.ts(953,35): error TS1109: Expression expected.
src/server.ts(953,41): error TS1005: ':' expected.
src/server.ts(953,61): error TS1109: Expression expected.
src/server.ts(953,82): error TS1109: Expression expected.
src/server.ts(953,87): error TS1005: ':' expected.
src/server.ts(953,98): error TS1005: ',' expected.
src/server.ts(953,101): error TS1005: ',' expected.
src/server.ts(958,17): error TS1005: ':' expected.
src/server.ts(959,17): error TS1435: Unknown keyword or identifier. Did you mean 'from'?
src/server.ts(959,22): error TS1434: Unexpected keyword or identifier.
src/server.ts(960,17): error TS1434: Unexpected keyword or identifier.
src/server.ts(960,22): error TS1434: Unexpected keyword or identifier.
src/server.ts(960,31): error TS1434: Unexpected keyword or identifier.
src/server.ts(960,33): error TS1434: Unexpected keyword or identifier.
src/server.ts(961,17): error TS1434: Unexpected keyword or identifier.
src/server.ts(961,35): error TS1109: Expression expected.
src/server.ts(961,63): error TS1109: Expression expected.
src/server.ts(961,68): error TS1005: ':' expected.
src/server.ts(961,86): error TS1005: ',' expected.
src/server.ts(961,89): error TS1005: ',' expected.
src/server.ts(961,95): error TS1005: ':' expected.
src/server.ts(961,112): error TS1109: Expression expected.
src/server.ts(969,48): error TS1127: Invalid character.
src/server.ts(969,49): error TS1434: Unexpected keyword or identifier.
src/server.ts(969,80): error TS1434: Unexpected keyword or identifier.
src/server.ts(969,90): error TS1443: Module declaration names may only use ' or " quoted strings.
src/server.ts(970,48): error TS1127: Invalid character.
src/server.ts(970,48): error TS1128: Declaration or statement expected.
src/server.ts(970,49): error TS1434: Unexpected keyword or identifier.
src/server.ts(970,94): error TS1443: Module declaration names may only use ' or " quoted strings.
src/server.ts(1011,28): error TS1434: Unexpected keyword or identifier.
src/server.ts(1011,40): error TS1161: Unterminated regular expression literal.
